// Jest Snapshot v1, https://goo.gl/fbAQLP

exports[`renders correctly 1`] = `
<a
  className="button-link"
  href="/home"
  onClick={[Function]}
>
  Homepage
</a>
`;
