// Jest Snapshot v1, https://goo.gl/fbAQLP

exports[`renders correctly 1`] = `
<select
  className="select-box"
  onChange={[Function]}
>
  <option
    value="1"
  >
    One
  </option>
  <option
    value="2"
  >
    Two
  </option>
  <option
    value="3"
  >
    Three
  </option>
</select>
`;
